[my.its.ac.id/signin7913.html]
[backblue.gif]
[fade.gif]
[index.html]
[my.its.ac.id/assets/media/favicons/favicon-web.png]
[my.its.ac.id/assets/css/its-login.css]
[my.its.ac.id/assets/media/img/logo.png]
[my.its.ac.id/assets/media/img/myits-sso-white.png]
[my.its.ac.id/sso/password/forgot.html]
[my.its.ac.id/assets/js/core/jquery.min.js]
[my.its.ac.id/assets/plugins/nprogress/nprogress.js]
[my.its.ac.id/assets/js/common.min.js]
[my.its.ac.id/assets/js/jsencrypt.min.js]
[my.its.ac.id/signin7913.html]
[my.its.ac.id/assets/css/its-login.css]
[my.its.ac.id/assets/plugins/nprogress/nprogress.css]
[my.its.ac.id/sso/password/forgot.html]
[my.its.ac.id/assets/plugins/@fortawesome/fontawesome-free/css/all.min.css]
[my.its.ac.id/index97f2.html]
[my.its.ac.id/assets/plugins/@fortawesome/fontawesome-free/webfonts/fa-brands-400.eot]
[my.its.ac.id/assets/plugins/@fortawesome/fontawesome-free/webfonts/fa-brands-400d41d.eot]
[my.its.ac.id/assets/plugins/@fortawesome/fontawesome-free/webfonts/fa-brands-400.woff2]
[my.its.ac.id/assets/plugins/@fortawesome/fontawesome-free/webfonts/fa-brands-400.woff]
[my.its.ac.id/assets/plugins/@fortawesome/fontawesome-free/webfonts/fa-brands-400.ttf]
[my.its.ac.id/assets/plugins/@fortawesome/fontawesome-free/webfonts/fa-regular-400.eot]
[my.its.ac.id/assets/plugins/@fortawesome/fontawesome-free/webfonts/fa-regular-400d41d.eot]
[my.its.ac.id/assets/plugins/@fortawesome/fontawesome-free/webfonts/fa-regular-400.woff2]
[my.its.ac.id/assets/plugins/@fortawesome/fontawesome-free/webfonts/fa-regular-400.woff]
[my.its.ac.id/assets/plugins/@fortawesome/fontawesome-free/webfonts/fa-regular-400.ttf]
[my.its.ac.id/assets/plugins/@fortawesome/fontawesome-free/webfonts/fa-solid-900.eot]
[my.its.ac.id/assets/plugins/@fortawesome/fontawesome-free/webfonts/fa-solid-900d41d.eot]
[my.its.ac.id/assets/plugins/@fortawesome/fontawesome-free/webfonts/fa-solid-900.woff2]
[my.its.ac.id/assets/plugins/@fortawesome/fontawesome-free/webfonts/fa-solid-900.woff]
[my.its.ac.id/assets/plugins/@fortawesome/fontawesome-free/webfonts/fa-solid-900.ttf]
[my.its.ac.id/assets/plugins/@fortawesome/fontawesome-free/css/all.min.css]
[my.its.ac.id/index.html]
[my.its.ac.id/authorize9562.json]
[my.its.ac.id/assets/plugins/@fortawesome/fontawesome-free/webfonts/fa-brands-400.svg]
[my.its.ac.id/assets/plugins/@fortawesome/fontawesome-free/webfonts/fa-regular-400.svg]
[my.its.ac.id/assets/plugins/@fortawesome/fontawesome-free/webfonts/fa-solid-900.svg]
[my.its.ac.id/authorizef4d1.json]
